$ docker build --progress=plain --build-arg GOPROXY=https://goproxy.cn,direct -t ehome-bb-img:606d8e6f /home/sun/workspace/EHomeSystem
#0 building with "default" instance using docker driver

#1 [internal] load build definition from Dockerfile
#1 transferring dockerfile: 2.05kB done
#1 DONE 0.0s

#2 [internal] load metadata for docker.io/library/golang:1.26.5-alpine
#2 DONE 0.1s

#3 [internal] load metadata for docker.io/library/node:22-alpine
#3 DONE 0.1s

#4 [internal] load metadata for docker.io/library/alpine:3.21
#4 DONE 0.1s

#5 [internal] load .dockerignore
#5 transferring context: 2B done
#5 DONE 0.0s

#6 [internal] load build context
#6 DONE 0.0s

#7 [frontend-builder 1/7] FROM docker.io/library/node:22-alpine@sha256:16e22a550f3863206a3f701448c45f7912c6896a62de43add43bb9c86130c3e2
#7 resolve docker.io/library/node:22-alpine@sha256:16e22a550f3863206a3f701448c45f7912c6896a62de43add43bb9c86130c3e2 0.1s done
#7 DONE 0.1s

#8 [stage-2 1/6] FROM docker.io/library/alpine:3.21@sha256:48b0309ca019d89d40f670aa1bc06e426dc0931948452e8491e3d65087abc07d
#8 resolve docker.io/library/alpine:3.21@sha256:48b0309ca019d89d40f670aa1bc06e426dc0931948452e8491e3d65087abc07d 0.1s done
#8 DONE 0.1s

#9 [backend-builder 1/6] FROM docker.io/library/golang:1.26.5-alpine@sha256:0178a641fbb4858c5f1b48e34bdaabe0350a330a1b1149aabd498d0699ff5fb2
#9 resolve docker.io/library/golang:1.26.5-alpine@sha256:0178a641fbb4858c5f1b48e34bdaabe0350a330a1b1149aabd498d0699ff5fb2 0.1s done
#9 DONE 0.1s

#6 [internal] load build context
#6 transferring context: 3.70MB 0.5s done
#6 DONE 0.5s

#10 [frontend-builder 2/7] RUN corepack enable && corepack prepare pnpm@latest --activate
#10 CACHED

#11 [frontend-builder 3/7] WORKDIR /app
#11 CACHED

#12 [frontend-builder 4/7] COPY frontend-shared/package.json frontend-shared/pnpm-lock.yaml ./
#12 CACHED

#13 [frontend-builder 5/7] RUN pnpm install --frozen-lockfile --ignore-scripts
#13 CACHED

#14 [frontend-builder 6/7] COPY frontend-shared/ .
#14 DONE 3.0s

#15 [frontend-builder 7/7] RUN pnpm build
#15 1.507 ✓ Lockfile passes supply-chain policies (verified 7m ago)
#15 1.507 Lockfile is up to date, resolution step is skipped
#15 2.529 Progress: resolved 166, reused 166, downloaded 0, added 147
#15 3.576 Progress: resolved 213, reused 213, downloaded 0, added 198
#15 4.596 Progress: resolved 247, reused 247, downloaded 0, added 235
#15 5.597 Progress: resolved 252, reused 252, downloaded 0, added 242
#15 7.160 Progress: resolved 253, reused 253, downloaded 0, added 244
#15 7.183 Packages: +253
#15 7.183 ++++++++++++++++++++++++++++++++++++++++++++++++++++++++++++++++++++++++++++++++
#15 7.196 Progress: resolved 253, reused 253, downloaded 0, added 253, done
#15 7.199 .../node_modules/@parcel/watcher install$ node scripts/build-from-source.js
#15 7.224 .../node_modules/@parcel/watcher install: Done
#15 7.245 
#15 7.245 dependencies:
#15 7.245 + @element-plus/icons-vue 2.3.2
#15 7.245 + axios 1.18.1
#15 7.245 + echarts 6.1.0
#15 7.245 + element-plus 2.14.3
#15 7.245 + pinia 4.0.2
#15 7.245 + vue 3.5.40
#15 7.245 + vue-router 5.2.0
#15 7.245 + vue-virtual-scroller 3.0.4
#15 7.245 
#15 7.245 devDependencies:
#15 7.245 + @playwright/test 1.62.0
#15 7.245 + @types/node 26.1.1
#15 7.245 + @vitejs/plugin-vue 6.0.8
#15 7.245 + @vitest/coverage-v8 4.1.10
#15 7.245 + @vue/compiler-sfc 3.5.40
#15 7.245 + @vue/test-utils 2.4.11
#15 7.245 + happy-dom 20.11.1
#15 7.245 + typescript 5.9.3
#15 7.245 + unplugin-auto-import 21.0.0
#15 7.245 + unplugin-vue-components 32.1.0
#15 7.245 + vite 8.1.5
#15 7.245 + vitest 4.1.10
#15 7.245 + vue-tsc 2.2.10
#15 7.245 
#15 7.246 Done in 6.8s using pnpm v12.4.2
#15 7.249 $ pnpm typecheck && vite build
#15 7.325 $ vue-tsc --noEmit
#15 19.01 [36mvite v8.1.5 [32mbuilding client environment for production...[36m[39m
#15 19.08 [2Ktransforming...✓ 2656 modules transformed.
#15 20.78 rendering chunks...
#15 20.98 computing gzip size...
#15 20.99 dist/index.html                                          1.94 kB │ gzip:   0.88 kB
#15 20.99 dist/assets/LineChart-DoKZ-UJ9.css                       0.04 kB │ gzip:   0.06 kB
#15 20.99 dist/assets/CountUp-zsoLnnUI.css                         0.16 kB │ gzip:   0.14 kB
#15 20.99 dist/assets/GenericDeviceDetail-eDvyzrlU.css             0.36 kB │ gzip:   0.20 kB
#15 20.99 dist/assets/Profile-mFjJpUmz.css                         0.56 kB │ gzip:   0.26 kB
#15 20.99 dist/assets/AlertRules-fSLqi_7N.css                      0.73 kB │ gzip:   0.33 kB
#15 20.99 dist/assets/NotificationChannels-D6XqDymY.css            0.76 kB │ gzip:   0.35 kB
#15 20.99 dist/assets/PageHeader-C0Yy4bZx.css                      0.81 kB │ gzip:   0.33 kB
#15 20.99 dist/assets/ErrorPageLayout-gV0kywGN.css                 0.89 kB │ gzip:   0.36 kB
#15 20.99 dist/assets/AutomationRules-B5HDNN4A.css                 1.12 kB │ gzip:   0.41 kB
#15 20.99 dist/assets/NotificationDeliveries-B14EmQsG.css          1.14 kB │ gzip:   0.43 kB
#15 20.99 dist/assets/FirmwareManage-CqYfdgwR.css                  1.18 kB │ gzip:   0.46 kB
#15 20.99 dist/assets/DataSourceList-sazZMblN.css                  1.36 kB │ gzip:   0.47 kB
#15 20.99 dist/assets/ChannelList-ZbL4fj1S.css                     1.50 kB │ gzip:   0.51 kB
#15 20.99 dist/assets/StatCard-CNHOx6fz.css                        1.69 kB │ gzip:   0.60 kB
#15 20.99 dist/assets/EmptyState-QIjBsf9Q.css                      2.03 kB │ gzip:   0.53 kB
#15 20.99 dist/assets/DataPanel-YJ-vuYFL.css                       2.20 kB │ gzip:   0.74 kB
#15 20.99 dist/assets/MetricStatCard-ChRtK1cP.css                  2.28 kB │ gzip:   0.75 kB
#15 20.99 dist/assets/BmsDetailPage-ocxagj49.css                   2.45 kB │ gzip:   0.77 kB
#15 20.99 dist/assets/SkeletonCard-Cnjwy6Hd.css                    2.89 kB │ gzip:   0.60 kB
#15 20.99 dist/assets/CreateWizardCommandIntervals-CZ_Vvf1J.css    3.13 kB │ gzip:   0.87 kB
#15 20.99 dist/assets/Login-fa2ccXRy.css                           3.76 kB │ gzip:   1.15 kB
#15 20.99 dist/assets/Dashboard-CDHLig6h.css                       4.11 kB │ gzip:   1.10 kB
#15 20.99 dist/assets/LogicalDeviceList-C2Of6Ycq.css               4.58 kB │ gzip:   1.16 kB
#15 20.99 dist/assets/Monitor-tTQIa9Sa.css                         5.21 kB │ gzip:   1.26 kB
#15 20.99 dist/assets/InverterDetailPage-uKXLu5Ai.css              6.39 kB │ gzip:   1.41 kB
#15 20.99 dist/assets/NodeList-Dt-6HFu5.css                        6.43 kB │ gzip:   1.44 kB
#15 20.99 dist/assets/DeviceConfigList-BYxx5Q2X.css                6.59 kB │ gzip:   1.51 kB
#15 20.99 dist/assets/useDeviceData-BSpwir0g.css                   9.33 kB │ gzip:   2.15 kB
#15 20.99 dist/assets/MainLayout-D2WfoqlV.css                     10.03 kB │ gzip:   2.09 kB
#15 20.99 dist/assets/EdgeDeviceList-CyXo2vTd.css                 15.17 kB │ gzip:   2.81 kB
#15 20.99 dist/assets/index-DugQjQfc.css                          17.36 kB │ gzip:   4.12 kB
#15 20.99 dist/assets/NodeOverview-BJrNUxOr.css                   44.70 kB │ gzip:   7.70 kB
#15 20.99 dist/assets/element-GfQPuZdl.css                       280.81 kB │ gzip:  37.29 kB
#15 20.99 dist/assets/favicon-CjgOoDgN.js                          0.03 kB │ gzip:   0.05 kB
#15 20.99 dist/assets/hardwareTag-DgPdyMIA.js                      0.13 kB │ gzip:   0.12 kB
#15 20.99 dist/assets/errorCode-D_StYeFf.js                        0.46 kB │ gzip:   0.28 kB
#15 20.99 dist/assets/useResponsive-BuvqG96P.js                    0.46 kB │ gzip:   0.30 kB
#15 20.99 dist/assets/events-DIB8lnSh.js                           0.54 kB │ gzip:   0.33 kB
#15 20.99 dist/assets/useDebouncedSearch-CyAOqRTo.js               0.54 kB │ gzip:   0.36 kB
#15 20.99 dist/assets/notificationChannel-Su8buxLv.js              0.56 kB │ gzip:   0.24 kB
#15 20.99 dist/assets/auth-CUe78qqT.js                             0.62 kB │ gzip:   0.27 kB
#15 20.99 dist/assets/rolldown-runtime-QTnfLwEv.js                 0.69 kB │ gzip:   0.42 kB
#15 20.99 dist/assets/deviceConfig-BDoeDT-K.js                     0.72 kB │ gzip:   0.28 kB
#15 20.99 dist/assets/logicalDevice-Hhd19wFb.js                    0.82 kB │ gzip:   0.38 kB
#15 20.99 dist/assets/PageHeader-BB4Bv-Z7.js                       0.83 kB │ gzip:   0.53 kB
#15 20.99 dist/assets/deviceType-DpmoCH8K.js                       0.84 kB │ gzip:   0.48 kB
#15 20.99 dist/assets/NotFound-Dl4YGLkb.js                         0.89 kB │ gzip:   0.61 kB
#15 20.99 dist/assets/driver-B7xpBuOO.js                           0.95 kB │ gzip:   0.45 kB
#15 20.99 dist/assets/StatusBadge-BAUBRhRK.js                      0.98 kB │ gzip:   0.53 kB
#15 20.99 dist/assets/theme-CpZYr-_b.js                            1.03 kB │ gzip:   0.46 kB
#15 20.99 dist/assets/ErrorPageLayout-CW7PCGPK.js                  1.15 kB │ gzip:   0.61 kB
#15 20.99 dist/assets/deviceOperation-EN03cMT_.js                  1.19 kB │ gzip:   0.62 kB
#15 20.99 dist/assets/preload-helper-Czpn1I53.js                   1.19 kB │ gzip:   0.67 kB
#15 20.99 dist/assets/channel-b81QNmnl.js                          1.26 kB │ gzip:   0.60 kB
#15 20.99 dist/assets/SkeletonCard-D5Fzqf8M.js                     1.27 kB │ gzip:   0.55 kB
#15 20.99 dist/assets/StatCard-CsDpv1tn.js                         1.30 kB │ gzip:   0.71 kB
#15 20.99 dist/assets/Forbidden-DH5SaQeQ.js                        1.31 kB │ gzip:   0.86 kB
#15 20.99 dist/assets/CountUp-BpOufFvK.js                          1.33 kB │ gzip:   0.72 kB
#15 20.99 dist/assets/EmptyState-DfMGHaTR.js                       1.48 kB │ gzip:   0.79 kB
#15 20.99 dist/assets/format-DKyY-VGJ.js                           1.54 kB │ gzip:   0.80 kB
#15 20.99 dist/assets/feedback-Cjxxmf4e.js                         1.76 kB │ gzip:   0.81 kB
#15 20.99 dist/assets/firmware-Cjmmf0wp.js                         1.97 kB │ gzip:   0.98 kB
#15 20.99 dist/assets/node-Dt_5EFF3.js                             2.18 kB │ gzip:   0.65 kB
#15 20.99 dist/assets/GenericDeviceDetail-WuNtRiJJ.js              2.42 kB │ gzip:   1.33 kB
#15 20.99 dist/assets/edgeDevice-B-a-m0NT.js                       2.46 kB │ gzip:   1.15 kB
#15 20.99 dist/assets/node-DMb8NRGh.js                             2.65 kB │ gzip:   1.20 kB
#15 20.99 dist/assets/MetricStatCard-B-_Ltj1t.js                   2.68 kB │ gzip:   1.30 kB
#15 20.99 dist/assets/edgeDevice-DpDaDvjx.js                       2.98 kB │ gzip:   0.99 kB
#15 20.99 dist/assets/EdgeDeviceDetailRouter-DiRPRfDD.js           3.32 kB │ gzip:   1.57 kB
#15 20.99 dist/assets/Profile-DUKAFPLV.js                          3.44 kB │ gzip:   1.61 kB
#15 20.99 dist/assets/sensor-C5SJTXNp.js                           4.25 kB │ gzip:   1.59 kB
#15 20.99 dist/assets/LineChart-BlCYtjye.js                        5.37 kB │ gzip:   2.28 kB
#15 20.99 dist/assets/NotificationDeliveries-DD_y8Kqr.js           7.02 kB │ gzip:   3.23 kB
#15 20.99 dist/assets/ChannelList-H8OdYyCc.js                      7.54 kB │ gzip:   3.42 kB
#15 20.99 dist/assets/FirmwareManage-BKm4BL21.js                  10.25 kB │ gzip:   4.10 kB
#15 20.99 dist/assets/CreateWizardCommandIntervals-49Cw5ruI.js    11.99 kB │ gzip:   4.88 kB
#15 20.99 dist/assets/Login-DI2y7rY-.js                           12.11 kB │ gzip:   4.71 kB
#15 20.99 dist/assets/AlertRules-BA6rp0Bn.js                      12.85 kB │ gzip:   4.52 kB
#15 20.99 dist/assets/NodeList-D1hHHepR.js                        12.94 kB │ gzip:   4.82 kB
#15 20.99 dist/assets/Monitor-B9b9fTGV.js                         13.67 kB │ gzip:   4.24 kB
#15 20.99 dist/assets/InverterDetailPage-DXrn5faG.js              14.90 kB │ gzip:   5.16 kB
#15 20.99 dist/assets/NotificationChannels-DIYLQ4QX.js            14.94 kB │ gzip:   5.79 kB
#15 20.99 dist/assets/MainLayout-C9sWDRDk.js                      15.47 kB │ gzip:   6.25 kB
#15 20.99 dist/assets/BmsDetailPage-DGsJp_Lm.js                   15.66 kB │ gzip:   5.70 kB
#15 20.99 dist/assets/LogicalDeviceList-B0s4uYDA.js               16.73 kB │ gzip:   6.35 kB
#15 20.99 dist/assets/DataPanel-St-jGggw.js                       16.92 kB │ gzip:   6.14 kB
#15 20.99 dist/assets/Dashboard-C1nvoFau.js                       17.50 kB │ gzip:   5.98 kB
#15 20.99 dist/assets/index-VlKSwxbg.js                           20.40 kB │ gzip:   7.86 kB
#15 20.99 dist/assets/DataSourceList-BfZFkc6k.js                  21.07 kB │ gzip:   6.33 kB
#15 20.99 dist/assets/AutomationRules-Cxci8E76.js                 24.32 kB │ gzip:   7.25 kB
#15 20.99 dist/assets/DeviceConfigList-QDbihJEt.js                24.55 kB │ gzip:   7.81 kB
#15 20.99 dist/assets/vue-BcQrzxAB.js                             28.71 kB │ gzip:  11.52 kB
#15 20.99 dist/assets/EdgeDeviceList-XURzaHFH.js                  43.54 kB │ gzip:  13.76 kB
#15 20.99 dist/assets/useDeviceData-CR2Nabs8.js                   45.72 kB │ gzip:  15.62 kB
#15 20.99 dist/assets/client-xb_tSfkq.js                          46.07 kB │ gzip:  17.54 kB
#15 20.99 dist/assets/NodeOverview-JP9B9czN.js                   137.71 kB │ gzip:  43.13 kB
#15 20.99 dist/assets/echarts-D6Hpe-Bo.js                        554.28 kB │ gzip: 186.63 kB
#15 20.99 dist/assets/element-D5E22AxL.js                        700.71 kB │ gzip: 226.81 kB
#15 20.99 
#15 20.99 [32m✓ built in 1.97s[39m
#15 DONE 21.2s

#16 [backend-builder 6/6] RUN CGO_ENABLED=0 GOOS=linux go build -o ehome-server ./cmd/server/
#16 CACHED

#17 [backend-builder 3/6] COPY backend/go.mod backend/go.sum ./
#17 CACHED

#18 [stage-2 4/6] COPY --from=backend-builder /app/ehome-server .
#18 CACHED

#19 [backend-builder 2/6] WORKDIR /app
#19 CACHED

#20 [backend-builder 5/6] COPY backend/ .
#20 CACHED

#21 [stage-2 5/6] COPY --from=frontend-builder /app/dist ./static/dist
#21 CACHED

#22 [stage-2 2/6] RUN apk --no-cache add ca-certificates tzdata && rm -rf /var/cache/apk/*
#22 CACHED

#23 [stage-2 3/6] WORKDIR /app
#23 CACHED

#24 [backend-builder 4/6] RUN go mod download
#24 CACHED

#25 [stage-2 6/6] RUN mkdir -p /app/firmwares
#25 CACHED

#26 exporting to image
#26 exporting layers done
#26 exporting manifest sha256:26cb40cd199656a93995b530ec2a670f414de9543f78c6c632d8c47a05a20ac9 done
#26 exporting config sha256:fdae3857ed3aac6ea27aaa854172badaecab928ced174ddbc001080732b7780e done
#26 exporting attestation manifest sha256:96fdde9b287dac14946bea64ae72492f64de4016d4307cc9f9f04e5ac6c4fc2d 0.0s done
#26 exporting manifest list sha256:11a4bdbeb9696267802b6bc663747763337ca7c0909348ad8937d9144fdd9fed 0.0s done
#26 naming to docker.io/library/ehome-bb-img:606d8e6f done
#26 unpacking to docker.io/library/ehome-bb-img:606d8e6f 0.0s done
#26 DONE 0.1s
[build exit=0]
