================ Q3: 容器冷启动全序列 ================
时间戳/runid : D-20260916-101453
独立库       : ehome_bb_20260916_101453
镜像         : ehome-bb-ehome:local
超时         : 180s
EHOME_DB_HOST: postgres    <-- 变异自证关注点
复现命令     : cd /home/sun/workspace/EHomeSystem && HOME_PORT=18080 EHOME_DB_NAME=ehome_bb_20260916_101453 EHOME_DB_HOST=postgres \
                 docker compose -f docker-compose.yml -f deploy/blackbox/compose.bb.yml -p ehome-bb up -d

  [PASS] 前提守卫: 镜像 ehome-bb-ehome:local 存在
  [PASS] 前提守卫: 复用容器 ehome-postgres healthy
  [PASS] 前提守卫: 复用容器 ehome-emqx healthy
createdb: error: database creation failed: ERROR:  database "ehome_bb_20260916_101453" already exists
  [FAIL] 无法创建独立库 ehome_bb_20260916_101453

--- 清理 (trap) ---
 Container ehome-bb-ehome Stopping 
 Container ehome-bb-ehome Stopped 
 Container ehome-bb-ehome Removing 
 Container ehome-bb-ehome Removed 
已 DROP 独立库 ehome_bb_20260916_101453
清理后 ehome-bb 残留: 1 容器
