================ Q2: compose 必填 env 契约 ================
仓库根     : /home/sun/workspace/EHomeSystem
project    : ehome-bb
复现命令(抑制 .env): cd /home/sun/workspace/EHomeSystem && docker compose -f docker-compose.yml \
  -f deploy/blackbox/compose.bb.yml -p ehome-bb --env-file deploy/blackbox/probes/.env.empty config

  [PASS] 前提守卫: /home/sun/workspace/EHomeSystem/.env 存在且含 EHOME_EXTERNAL_HOST + EHOME_JWT_SECRET（故「不抑制」必然假绿）
  [PASS] 前提守卫: /home/sun/workspace/EHomeSystem/deploy/blackbox/probes/.env.empty 存在且为空（0 字节）—— 可抑制 .env

--- 断言1: 缺 EHOME_EXTERNAL_HOST（期望 rc!=0 且 stderr 点明该变量）---
error while interpolating services.ehome.environment.EHOME_EXTERNAL_HOST: required variable EHOME_EXTERNAL_HOST is missing a value: err — EHOME_EXTERNAL_HOST is required in production
  [PASS] 缺失 EHOME_EXTERNAL_HOST ⇒ compose config rc=1（非 0）
  [PASS] stderr 点明变量名 EHOME_EXTERNAL_HOST（错误可诊断）
  [PASS] stderr 含 compose 的 required-variable 语义

--- 断言2: 缺 EHOME_JWT_SECRET（期望 rc!=0 且 stderr 点明该变量）---
error while interpolating services.ehome.environment.EHOME_JWT_SECRET: required variable EHOME_JWT_SECRET is missing a value: err — EHOME_JWT_SECRET is required in production
  [PASS] 缺失 EHOME_JWT_SECRET ⇒ compose config rc=1（非 0）
  [PASS] stderr 点明变量名 EHOME_JWT_SECRET（错误可诊断）

--- 断言3: 必填全给 ⇒ config --quiet 通过 ---
(quiet 输出为空属正常) stderr/stdout:[]
  [PASS] 必填全给 ⇒ config --quiet rc=0
  [PASS] 渲染守卫: config 含 'ehome-bb-ehome'
  [PASS] 渲染守卫: config 含 'EHOME_DB_NAME: ehome_bb_envprobe'
  [PASS] 渲染守卫: config 含 'published: "18080"'
  [PASS] 渲染守卫: config 含 'ehomesystem_default'

--- 断言5: 变异自证 —— 不抑制 .env 时，断言1 变成【假绿】---
(不抑制 .env) 缺 EHOME_EXTERNAL_HOST 下的 rc=0  stderr/stdout:[]
  [PASS] 漏检复现成功: 不抑制 .env ⇒ rc=0（假绿）。故 02 必须 --env-file 空文件抑制 .env
  ⇒ 这正是「为什么必须抑制」的证据：默认调用方式下缺变量测不出来

================ 汇总: PASS=13 FAIL=0 ================
证据: /home/sun/workspace/EHomeSystem/deploy/blackbox/evidence/D-20260916-105359/02-env-contract/02-env-contract.log
