
== 0. 环境与前置 ============================================
  BB_PROJECT   : ehome-bb-dev-a5
  BB_HOME_PORT : 18091
  BB_DB_NAME   : ehome_bbdev_a5_1
  证据目录     : /home/sun/workspace/EHomeSystem/deploy/blackbox/evidence/A-20260916T030500Z-a5deep
  commit       : 00dfbcd4 (00dfbcd49137479d62d10dc920ee9bb3deff0de3)
  被测内容指纹 (git ls-files -s backend frontend-shared Dockerfile | md5): e4b09b9393dc93194c7e64d30b0ad592
  Dockerfile md5: 2171b7a91fabf570c186a34a65b19f7a
  docker       : Docker version 29.8.0, build 88096ef
  GOPROXY      : https://goproxy.cn,direct
  BB_MUTATION  : none
  临时镜像 tag : ehome-bb-img:rep1 / ehome-bb-img:rep2 / ehome-bb-img:rep-mut
  工作树脏文件 :
     D deploy/blackbox/compose.bb.dev.yml
     M deploy/blackbox/evidence/latest
     M deploy/blackbox/evidence/latest-SUMMARY.md
    ?? deploy/blackbox/evidence/A-20260916T023000Z-a5rep/
    ?? deploy/blackbox/evidence/A-20260916T023500Z-a5mut/
    ?? deploy/blackbox/evidence/A-20260916T025500Z-a5final/
    ?? deploy/blackbox/evidence/A-20260916T030500Z-a5deep/
    ?? deploy/blackbox/evidence/A-mut01-01/
    ?? deploy/blackbox/evidence/B-20260916-101858-q6-dev/
    ?? deploy/blackbox/evidence/B-20260916-101937-q6/
    ?? deploy/blackbox/evidence/B-20260916-102121-q6/
    ?? deploy/blackbox/evidence/D-20260916-101453/
    ?? deploy/blackbox/evidence/D-20260916-101738/
    ?? deploy/blackbox/evidence/D-20260916-101908/
    ?? deploy/blackbox/evidence/D-20260916-101950/
    ?? deploy/blackbox/probes/06-wiring.sh
    ?? deploy/blackbox/probes/07-reproducible.sh
  注：本脚本不创建任何容器/数据库/网络；不碰共享 PG/EMQX、端口 3080/8082/80。

== 1. 构建 (A1) ============================================
  构建 #1: tag ehome-bb-img:rep1 （--no-cache，全量重建）
  构建 #2: tag ehome-bb-img:rep2 （--no-cache，全量重建）
  [PASS] A1 连续两次构建均成功（rep1 exit=0, rep2 exit=0）

== 2. 产物取证 ============================================
  rep1: id=sha256:c1f7dd6ea97d4d72cfba4be264bea6f242d92c21aaf74553f193c3957b467900 size=90456883 present=1 sha=e02f3822a08dcb7e97cce2aa44e72fae5704d751d9eec3958f698579a04e6a91 index=1942 /app文件=101
  rep2: id=sha256:57669a045ea1c0294a092ba22f5134987cc6d00b7c577d826e842619d24bd00f size=90460983 present=1 sha=e02f3822a08dcb7e97cce2aa44e72fae5704d751d9eec3958f698579a04e6a91 index=1942 /app文件=101
  asset 引用数: rep1=10 rep2=10 ；dist 文件数: rep1=100 rep2=100

== 3. 分母守卫与非空转自证 (G1 / G2 / G3 / G4) ============================================
  [PASS] G1a 分母守卫：两次都解析到 >=2 个 asset 引用（rep1=10, rep2=10）
  [PASS] G1b 分母守卫：两次 dist 文件数 >=5（rep1=100, rep2=100）
  [PASS] G1c 两次 index.html 均存在（rep1=1942 bytes, rep2=1942 bytes）
  G2 非空转自证：构造「产物缺失」场景（asset 清单清空 + index sha=FILE_REMOVED），
     再用**完全相同的比较逻辑**（cmp/diff）判断，看它是否真的报差异。
  [PASS] G2a 非空转自证通过：清空清单后被判出差异（diff 行数 10）
  [PASS] G2b 非空转自证通过：sha 变化被检出（e02f3822a08dcb7e97cce2aa44e72fae5704d751d9eec3958f698579a04e6a91 vs FILE_REMOVED）
  [PASS] G3 幂等性自证通过：同一清单自比较判一致（防比较器恒报不一致）
  [PASS] G4 正控通过：注入的已知不同清单被判出差异

== 4. 核心断言：两次构建产物集合一致 (R1 / R1b / R1c / R2) ============================================
  rep1 引用 asset（10 个）：
      auth-CUe78qqT.js
      client-xb_tSfkq.js
      element-D5E22AxL.js
      element-GfQPuZdl.css
      favicon.svg
      index-DugQjQfc.css
      index-VlKSwxbg.js
      preload-helper-Czpn1I53.js
      rolldown-runtime-QTnfLwEv.js
      vue-BcQrzxAB.js
  rep2 引用 asset（10 个）：
      auth-CUe78qqT.js
      client-xb_tSfkq.js
      element-D5E22AxL.js
      element-GfQPuZdl.css
      favicon.svg
      index-DugQjQfc.css
      index-VlKSwxbg.js
      preload-helper-Czpn1I53.js
      rolldown-runtime-QTnfLwEv.js
      vue-BcQrzxAB.js
  [PASS] R1 两次构建 index.html 引用的 asset 文件名集合**一致**（各 10 个，diff 为空）
  [PASS] R1b 两次构建 /app/static/dist 整棵目录文件名集合一致（各 100 个文件，含全部懒加载 chunk）
  [PASS] R1c 两次构建 index.html 字节级 sha256 一致（e02f3822a08dcb7e97cce2aa44e72fae5704d751d9eec3958f698579a04e6a91）
  深比对（BB_DEEP=1）：逐文件 sha256，rep1=101 个 / rep2=101 个
  [PASS] G1d 深比对分母守卫：两次各取到 >=5 个文件摘要（rep1=101, rep2=101）
  [PASS] R1d 深比对：两次构建 /app 内**每个文件的 sha256 全部一致**（共 101 个文件）⇒ 产物字节级确定
  [info] R2 镜像体积不同：rep1=90456883 rep2=90460983（仅记录，不判失败）

== 5. 变异恢复校验 ============================================
  未启用变异，无需恢复（Dockerfile md5=2171b7a91fabf570c186a34a65b19f7a 未变）

== 6. 清理与残留核对 ============================================
  [清理] 已删除临时镜像 ehome-bb-img:rep1
  [清理] 已删除临时镜像 ehome-bb-img:rep2
  [PASS] C1 临时镜像零残留（ehome-bb-img:rep1 / ehome-bb-img:rep2 / ehome-bb-img:rep-mut 均已删除）
  当前 ehome-bb-img 系列镜像（可能含 01 探针的镜像，非本脚本产物）：
      ehome-bb-img:mut01 64afeb1798ad
      ehome-bb-img:warm bc9f638dd44a
      ehome-bb-img:recheck c099bef82ca9
      ehome-bb-img:606d8e6f 11a4bdbeb969
  容器残留核对（本脚本不创建容器，应为空）：
      (无 ehome-bb-dev-a5 前缀容器，符合预期)

== 汇总 ============================================
  BB_PROJECT=ehome-bb-dev-a5  BB_HOME_PORT=18091  BB_DB_NAME=ehome_bbdev_a5_1
  commit=00dfbcd4  被测内容指纹=e4b09b9393dc93194c7e64d30b0ad592
  断言：PASS=14  FAIL=0
  证据目录：/home/sun/workspace/EHomeSystem/deploy/blackbox/evidence/A-20260916T030500Z-a5deep
  结论：Q7 通过 -- 同 commit 两次构建的 asset 文件名集合一致，构建在本断言范围内**确定性**
