$ docker build --progress=plain --no-cache --build-arg GOPROXY=https://goproxy.cn,direct -t ehome-bb-img:rep2 /home/sun/workspace/EHomeSystem
#0 building with "default" instance using docker driver

#1 [internal] load build definition from Dockerfile
#1 transferring dockerfile: 2.05kB done
#1 DONE 0.0s

#2 [internal] load metadata for docker.io/library/golang:1.26.5-alpine
#2 DONE 0.1s

#3 [internal] load metadata for docker.io/library/node:22-alpine
#3 DONE 0.1s

#4 [internal] load metadata for docker.io/library/alpine:3.21
#4 DONE 0.1s

#5 [internal] load .dockerignore
#5 transferring context: 2B done
#5 DONE 0.0s

#6 [internal] load build context
#6 DONE 0.0s

#7 [backend-builder 1/6] FROM docker.io/library/golang:1.26.5-alpine@sha256:0178a641fbb4858c5f1b48e34bdaabe0350a330a1b1149aabd498d0699ff5fb2
#7 resolve docker.io/library/golang:1.26.5-alpine@sha256:0178a641fbb4858c5f1b48e34bdaabe0350a330a1b1149aabd498d0699ff5fb2 0.1s done
#7 DONE 0.1s

#8 [backend-builder 2/6] WORKDIR /app
#8 CACHED

#9 [stage-2 1/6] FROM docker.io/library/alpine:3.21@sha256:48b0309ca019d89d40f670aa1bc06e426dc0931948452e8491e3d65087abc07d
#9 resolve docker.io/library/alpine:3.21@sha256:48b0309ca019d89d40f670aa1bc06e426dc0931948452e8491e3d65087abc07d 0.1s done
#9 CACHED

#10 [frontend-builder 1/7] FROM docker.io/library/node:22-alpine@sha256:16e22a550f3863206a3f701448c45f7912c6896a62de43add43bb9c86130c3e2
#10 resolve docker.io/library/node:22-alpine@sha256:16e22a550f3863206a3f701448c45f7912c6896a62de43add43bb9c86130c3e2 0.1s done
#10 CACHED

#6 [internal] load build context
#6 transferring context: 3.68MB 0.6s done
#6 DONE 0.6s

#11 [backend-builder 3/6] COPY backend/go.mod backend/go.sum ./
#11 DONE 0.1s

#12 [stage-2 2/6] RUN apk --no-cache add ca-certificates tzdata && rm -rf /var/cache/apk/*
#12 0.238 fetch https://dl-cdn.alpinelinux.org/alpine/v3.21/main/x86_64/APKINDEX.tar.gz
#12 1.011 fetch https://dl-cdn.alpinelinux.org/alpine/v3.21/community/x86_64/APKINDEX.tar.gz
#12 1.564 (1/2) Installing ca-certificates (20260413-r0)
#12 1.769 (2/2) Installing tzdata (2026d-r0)
#12 2.008 Executing busybox-1.37.0-r14.trigger
#12 2.017 Executing ca-certificates-20260413-r0.trigger
#12 2.047 OK: 8 MiB in 17 packages
#12 DONE 2.1s

#13 [frontend-builder 2/7] RUN corepack enable && corepack prepare pnpm@latest --activate
#13 1.458 Preparing pnpm@latest for immediate activation...
#13 ...

#14 [stage-2 3/6] WORKDIR /app
#14 DONE 0.1s

#15 [backend-builder 4/6] RUN go mod download
#15 ...

#13 [frontend-builder 2/7] RUN corepack enable && corepack prepare pnpm@latest --activate
#13 DONE 3.1s

#16 [frontend-builder 3/7] WORKDIR /app
#16 DONE 0.1s

#17 [frontend-builder 4/7] COPY frontend-shared/package.json frontend-shared/pnpm-lock.yaml ./
#17 DONE 0.1s

#15 [backend-builder 4/6] RUN go mod download
#15 DONE 3.0s

#18 [frontend-builder 5/7] RUN pnpm install --frozen-lockfile --ignore-scripts
#18 0.234 Downloading the pnpm 12.4.2 binary for linux-x64...
#18 ...

#19 [backend-builder 5/6] COPY backend/ .
#19 DONE 0.3s

#20 [backend-builder 6/6] RUN CGO_ENABLED=0 GOOS=linux go build -o ehome-server ./cmd/server/
#20 ...

#18 [frontend-builder 5/7] RUN pnpm install --frozen-lockfile --ignore-scripts
#18 3.744 ? Verifying lockfile against supply-chain policies (296 entries)...
#18 4.757 Progress: resolved 253, reused 0, downloaded 1, added 0
#18 5.023 Packages are hard linked from the content-addressable store to the virtual store.
#18 5.023   Content-addressable store is at: /root/.local/share/pnpm/store/v11
#18 5.023   Virtual store is at:             node_modules/.pnpm
#18 5.339 Downloading element-plus@2.14.3: 0.00 B/7.16 MB
#18 5.645 Downloading @rolldown/binding-linux-x64-musl@1.1.5: 0.00 B/7.75 MB
#18 6.660 Progress: resolved 253, reused 0, downloaded 215, added 192
#18 6.771 Downloading echarts@6.1.0: 0.00 B/12.17 MB
#18 7.870 Progress: resolved 253, reused 0, downloaded 252, added 224
#18 8.792 ✓ Lockfile passes supply-chain policies (296 entries in 5s)
#18 8.792 Lockfile is up to date, resolution step is skipped
#18 8.798 Packages: +253
#18 8.798 ++++++++++++++++++++++++++++++++++++++++++++++++++++++++++++++++++++++++++++++++
#18 8.814 Progress: resolved 253, reused 0, downloaded 253, added 253, done
#18 8.854 
#18 8.854 dependencies:
#18 8.854 + @element-plus/icons-vue 2.3.2
#18 8.854 + axios 1.18.1
#18 8.854 + echarts 6.1.0
#18 8.854 + element-plus 2.14.3
#18 8.854 + pinia 4.0.2
#18 8.854 + vue 3.5.40
#18 8.854 + vue-router 5.2.0
#18 8.854 + vue-virtual-scroller 3.0.4
#18 8.854 
#18 8.854 devDependencies:
#18 8.854 + @playwright/test 1.62.0
#18 8.854 + @types/node 26.1.1
#18 8.854 + @vitejs/plugin-vue 6.0.8
#18 8.854 + @vitest/coverage-v8 4.1.10
#18 8.854 + @vue/compiler-sfc 3.5.40
#18 8.854 + @vue/test-utils 2.4.11
#18 8.854 + happy-dom 20.11.1
#18 8.854 + typescript 5.9.3
#18 8.854 + unplugin-auto-import 21.0.0
#18 8.854 + unplugin-vue-components 32.1.0
#18 8.854 + vite 8.1.5
#18 8.854 + vitest 4.1.10
#18 8.854 + vue-tsc 2.2.10
#18 8.854 
#18 8.869 Done in 5.2s using pnpm v12.4.2
#18 DONE 9.2s

#20 [backend-builder 6/6] RUN CGO_ENABLED=0 GOOS=linux go build -o ehome-server ./cmd/server/
#20 ...

#21 [frontend-builder 6/7] COPY frontend-shared/ .
#21 DONE 4.0s

#20 [backend-builder 6/6] RUN CGO_ENABLED=0 GOOS=linux go build -o ehome-server ./cmd/server/
#20 ...

#22 [frontend-builder 7/7] RUN pnpm build
#22 1.824 ✓ Lockfile passes supply-chain policies (verified 6s ago)
#22 1.824 Lockfile is up to date, resolution step is skipped
#22 2.829 Progress: resolved 165, reused 165, downloaded 0, added 142
#22 3.912 Progress: resolved 239, reused 239, downloaded 0, added 224
#22 ...

#20 [backend-builder 6/6] RUN CGO_ENABLED=0 GOOS=linux go build -o ehome-server ./cmd/server/
#20 DONE 18.2s

#23 [stage-2 4/6] COPY --from=backend-builder /app/ehome-server .
#23 DONE 0.1s

#22 [frontend-builder 7/7] RUN pnpm build
#22 6.017 Progress: resolved 253, reused 252, downloaded 0, added 238
#22 8.174 Progress: resolved 253, reused 253, downloaded 0, added 241
#22 8.200 Packages: +253
#22 8.200 ++++++++++++++++++++++++++++++++++++++++++++++++++++++++++++++++++++++++++++++++
#22 8.213 Progress: resolved 253, reused 253, downloaded 0, added 253, done
#22 8.215 .../node_modules/@parcel/watcher install$ node scripts/build-from-source.js
#22 8.243 .../node_modules/@parcel/watcher install: Done
#22 8.267 
#22 8.267 dependencies:
#22 8.267 + @element-plus/icons-vue 2.3.2
#22 8.267 + axios 1.18.1
#22 8.267 + echarts 6.1.0
#22 8.267 + element-plus 2.14.3
#22 8.267 + pinia 4.0.2
#22 8.267 + vue 3.5.40
#22 8.267 + vue-router 5.2.0
#22 8.267 + vue-virtual-scroller 3.0.4
#22 8.267 
#22 8.267 devDependencies:
#22 8.267 + @playwright/test 1.62.0
#22 8.267 + @types/node 26.1.1
#22 8.267 + @vitejs/plugin-vue 6.0.8
#22 8.267 + @vitest/coverage-v8 4.1.10
#22 8.267 + @vue/compiler-sfc 3.5.40
#22 8.267 + @vue/test-utils 2.4.11
#22 8.267 + happy-dom 20.11.1
#22 8.267 + typescript 5.9.3
#22 8.267 + unplugin-auto-import 21.0.0
#22 8.267 + unplugin-vue-components 32.1.0
#22 8.267 + vite 8.1.5
#22 8.267 + vitest 4.1.10
#22 8.267 + vue-tsc 2.2.10
#22 8.267 
#22 8.267 Done in 7.8s using pnpm v12.4.2
#22 8.270 $ pnpm typecheck && vite build
#22 8.342 $ vue-tsc --noEmit
#22 19.97 [36mvite v8.1.5 [32mbuilding client environment for production...[36m[39m
#22 20.04 [2Ktransforming...✓ 2656 modules transformed.
#22 21.94 rendering chunks...
#22 22.11 computing gzip size...
#22 22.12 dist/index.html                                          1.94 kB │ gzip:   0.88 kB
#22 22.12 dist/assets/LineChart-DoKZ-UJ9.css                       0.04 kB │ gzip:   0.06 kB
#22 22.12 dist/assets/CountUp-zsoLnnUI.css                         0.16 kB │ gzip:   0.14 kB
#22 22.12 dist/assets/GenericDeviceDetail-eDvyzrlU.css             0.36 kB │ gzip:   0.20 kB
#22 22.12 dist/assets/Profile-mFjJpUmz.css                         0.56 kB │ gzip:   0.26 kB
#22 22.12 dist/assets/AlertRules-fSLqi_7N.css                      0.73 kB │ gzip:   0.33 kB
#22 22.12 dist/assets/NotificationChannels-D6XqDymY.css            0.76 kB │ gzip:   0.35 kB
#22 22.12 dist/assets/PageHeader-C0Yy4bZx.css                      0.81 kB │ gzip:   0.33 kB
#22 22.12 dist/assets/ErrorPageLayout-gV0kywGN.css                 0.89 kB │ gzip:   0.36 kB
#22 22.12 dist/assets/AutomationRules-B5HDNN4A.css                 1.12 kB │ gzip:   0.41 kB
#22 22.12 dist/assets/NotificationDeliveries-B14EmQsG.css          1.14 kB │ gzip:   0.43 kB
#22 22.12 dist/assets/FirmwareManage-CqYfdgwR.css                  1.18 kB │ gzip:   0.46 kB
#22 22.12 dist/assets/DataSourceList-sazZMblN.css                  1.36 kB │ gzip:   0.47 kB
#22 22.12 dist/assets/ChannelList-ZbL4fj1S.css                     1.50 kB │ gzip:   0.51 kB
#22 22.12 dist/assets/StatCard-CNHOx6fz.css                        1.69 kB │ gzip:   0.60 kB
#22 22.12 dist/assets/EmptyState-QIjBsf9Q.css                      2.03 kB │ gzip:   0.53 kB
#22 22.12 dist/assets/DataPanel-YJ-vuYFL.css                       2.20 kB │ gzip:   0.74 kB
#22 22.12 dist/assets/MetricStatCard-ChRtK1cP.css                  2.28 kB │ gzip:   0.75 kB
#22 22.12 dist/assets/BmsDetailPage-ocxagj49.css                   2.45 kB │ gzip:   0.77 kB
#22 22.12 dist/assets/SkeletonCard-Cnjwy6Hd.css                    2.89 kB │ gzip:   0.60 kB
#22 22.12 dist/assets/CreateWizardCommandIntervals-CZ_Vvf1J.css    3.13 kB │ gzip:   0.87 kB
#22 22.12 dist/assets/Login-fa2ccXRy.css                           3.76 kB │ gzip:   1.15 kB
#22 22.12 dist/assets/Dashboard-CDHLig6h.css                       4.11 kB │ gzip:   1.10 kB
#22 22.12 dist/assets/LogicalDeviceList-C2Of6Ycq.css               4.58 kB │ gzip:   1.16 kB
#22 22.12 dist/assets/Monitor-tTQIa9Sa.css                         5.21 kB │ gzip:   1.26 kB
#22 22.12 dist/assets/InverterDetailPage-uKXLu5Ai.css              6.39 kB │ gzip:   1.41 kB
#22 22.12 dist/assets/NodeList-Dt-6HFu5.css                        6.43 kB │ gzip:   1.44 kB
#22 22.12 dist/assets/DeviceConfigList-BYxx5Q2X.css                6.59 kB │ gzip:   1.51 kB
#22 22.12 dist/assets/useDeviceData-BSpwir0g.css                   9.33 kB │ gzip:   2.15 kB
#22 22.12 dist/assets/MainLayout-D2WfoqlV.css                     10.03 kB │ gzip:   2.09 kB
#22 22.12 dist/assets/EdgeDeviceList-CyXo2vTd.css                 15.17 kB │ gzip:   2.81 kB
#22 22.12 dist/assets/index-DugQjQfc.css                          17.36 kB │ gzip:   4.12 kB
#22 22.12 dist/assets/NodeOverview-BJrNUxOr.css                   44.70 kB │ gzip:   7.70 kB
#22 22.12 dist/assets/element-GfQPuZdl.css                       280.81 kB │ gzip:  37.29 kB
#22 22.12 dist/assets/favicon-CjgOoDgN.js                          0.03 kB │ gzip:   0.05 kB
#22 22.12 dist/assets/hardwareTag-DgPdyMIA.js                      0.13 kB │ gzip:   0.12 kB
#22 22.12 dist/assets/errorCode-D_StYeFf.js                        0.46 kB │ gzip:   0.28 kB
#22 22.12 dist/assets/useResponsive-BuvqG96P.js                    0.46 kB │ gzip:   0.30 kB
#22 22.12 dist/assets/events-DIB8lnSh.js                           0.54 kB │ gzip:   0.33 kB
#22 22.12 dist/assets/useDebouncedSearch-CyAOqRTo.js               0.54 kB │ gzip:   0.36 kB
#22 22.12 dist/assets/notificationChannel-Su8buxLv.js              0.56 kB │ gzip:   0.24 kB
#22 22.12 dist/assets/auth-CUe78qqT.js                             0.62 kB │ gzip:   0.27 kB
#22 22.12 dist/assets/rolldown-runtime-QTnfLwEv.js                 0.69 kB │ gzip:   0.42 kB
#22 22.12 dist/assets/deviceConfig-BDoeDT-K.js                     0.72 kB │ gzip:   0.28 kB
#22 22.12 dist/assets/logicalDevice-Hhd19wFb.js                    0.82 kB │ gzip:   0.38 kB
#22 22.12 dist/assets/PageHeader-BB4Bv-Z7.js                       0.83 kB │ gzip:   0.53 kB
#22 22.12 dist/assets/deviceType-DpmoCH8K.js                       0.84 kB │ gzip:   0.48 kB
#22 22.12 dist/assets/NotFound-Dl4YGLkb.js                         0.89 kB │ gzip:   0.61 kB
#22 22.12 dist/assets/driver-B7xpBuOO.js                           0.95 kB │ gzip:   0.45 kB
#22 22.12 dist/assets/StatusBadge-BAUBRhRK.js                      0.98 kB │ gzip:   0.53 kB
#22 22.12 dist/assets/theme-CpZYr-_b.js                            1.03 kB │ gzip:   0.46 kB
#22 22.12 dist/assets/ErrorPageLayout-CW7PCGPK.js                  1.15 kB │ gzip:   0.61 kB
#22 22.12 dist/assets/deviceOperation-EN03cMT_.js                  1.19 kB │ gzip:   0.62 kB
#22 22.12 dist/assets/preload-helper-Czpn1I53.js                   1.19 kB │ gzip:   0.67 kB
#22 22.12 dist/assets/channel-b81QNmnl.js                          1.26 kB │ gzip:   0.60 kB
#22 22.12 dist/assets/SkeletonCard-D5Fzqf8M.js                     1.27 kB │ gzip:   0.55 kB
#22 22.12 dist/assets/StatCard-CsDpv1tn.js                         1.30 kB │ gzip:   0.71 kB
#22 22.12 dist/assets/Forbidden-DH5SaQeQ.js                        1.31 kB │ gzip:   0.86 kB
#22 22.12 dist/assets/CountUp-BpOufFvK.js                          1.33 kB │ gzip:   0.72 kB
#22 22.12 dist/assets/EmptyState-DfMGHaTR.js                       1.48 kB │ gzip:   0.79 kB
#22 22.12 dist/assets/format-DKyY-VGJ.js                           1.54 kB │ gzip:   0.80 kB
#22 22.12 dist/assets/feedback-Cjxxmf4e.js                         1.76 kB │ gzip:   0.81 kB
#22 22.12 dist/assets/firmware-Cjmmf0wp.js                         1.97 kB │ gzip:   0.98 kB
#22 22.12 dist/assets/node-Dt_5EFF3.js                             2.18 kB │ gzip:   0.65 kB
#22 22.12 dist/assets/GenericDeviceDetail-WuNtRiJJ.js              2.42 kB │ gzip:   1.33 kB
#22 22.12 dist/assets/edgeDevice-B-a-m0NT.js                       2.46 kB │ gzip:   1.15 kB
#22 22.12 dist/assets/node-DMb8NRGh.js                             2.65 kB │ gzip:   1.20 kB
#22 22.12 dist/assets/MetricStatCard-B-_Ltj1t.js                   2.68 kB │ gzip:   1.30 kB
#22 22.12 dist/assets/edgeDevice-DpDaDvjx.js                       2.98 kB │ gzip:   0.99 kB
#22 22.12 dist/assets/EdgeDeviceDetailRouter-DiRPRfDD.js           3.32 kB │ gzip:   1.57 kB
#22 22.12 dist/assets/Profile-DUKAFPLV.js                          3.44 kB │ gzip:   1.61 kB
#22 22.12 dist/assets/sensor-C5SJTXNp.js                           4.25 kB │ gzip:   1.59 kB
#22 22.12 dist/assets/LineChart-BlCYtjye.js                        5.37 kB │ gzip:   2.28 kB
#22 22.12 dist/assets/NotificationDeliveries-DD_y8Kqr.js           7.02 kB │ gzip:   3.23 kB
#22 22.12 dist/assets/ChannelList-H8OdYyCc.js                      7.54 kB │ gzip:   3.42 kB
#22 22.12 dist/assets/FirmwareManage-BKm4BL21.js                  10.25 kB │ gzip:   4.10 kB
#22 22.12 dist/assets/CreateWizardCommandIntervals-49Cw5ruI.js    11.99 kB │ gzip:   4.88 kB
#22 22.12 dist/assets/Login-DI2y7rY-.js                           12.11 kB │ gzip:   4.71 kB
#22 22.12 dist/assets/AlertRules-BA6rp0Bn.js                      12.85 kB │ gzip:   4.52 kB
#22 22.12 dist/assets/NodeList-D1hHHepR.js                        12.94 kB │ gzip:   4.82 kB
#22 22.12 dist/assets/Monitor-B9b9fTGV.js                         13.67 kB │ gzip:   4.24 kB
#22 22.12 dist/assets/InverterDetailPage-DXrn5faG.js              14.90 kB │ gzip:   5.16 kB
#22 22.12 dist/assets/NotificationChannels-DIYLQ4QX.js            14.94 kB │ gzip:   5.79 kB
#22 22.12 dist/assets/MainLayout-C9sWDRDk.js                      15.47 kB │ gzip:   6.25 kB
#22 22.12 dist/assets/BmsDetailPage-DGsJp_Lm.js                   15.66 kB │ gzip:   5.70 kB
#22 22.12 dist/assets/LogicalDeviceList-B0s4uYDA.js               16.73 kB │ gzip:   6.35 kB
#22 22.12 dist/assets/DataPanel-St-jGggw.js                       16.92 kB │ gzip:   6.14 kB
#22 22.12 dist/assets/Dashboard-C1nvoFau.js                       17.50 kB │ gzip:   5.98 kB
#22 22.12 dist/assets/index-VlKSwxbg.js                           20.40 kB │ gzip:   7.86 kB
#22 22.12 dist/assets/DataSourceList-BfZFkc6k.js                  21.07 kB │ gzip:   6.33 kB
#22 22.12 dist/assets/AutomationRules-Cxci8E76.js                 24.32 kB │ gzip:   7.25 kB
#22 22.12 dist/assets/DeviceConfigList-QDbihJEt.js                24.55 kB │ gzip:   7.81 kB
#22 22.12 dist/assets/vue-BcQrzxAB.js                             28.71 kB │ gzip:  11.52 kB
#22 22.12 dist/assets/EdgeDeviceList-XURzaHFH.js                  43.54 kB │ gzip:  13.76 kB
#22 22.12 dist/assets/useDeviceData-CR2Nabs8.js                   45.72 kB │ gzip:  15.62 kB
#22 22.12 dist/assets/client-xb_tSfkq.js                          46.07 kB │ gzip:  17.54 kB
#22 22.12 dist/assets/NodeOverview-JP9B9czN.js                   137.71 kB │ gzip:  43.13 kB
#22 22.12 dist/assets/echarts-D6Hpe-Bo.js                        554.28 kB │ gzip: 186.63 kB
#22 22.12 dist/assets/element-D5E22AxL.js                        700.71 kB │ gzip: 226.81 kB
#22 22.12 
#22 22.12 [32m✓ built in 2.15s[39m
#22 DONE 22.3s

#24 [stage-2 5/6] COPY --from=frontend-builder /app/dist ./static/dist
#24 DONE 0.1s

#25 [stage-2 6/6] RUN mkdir -p /app/firmwares
#25 DONE 0.2s

#26 exporting to image
#26 exporting layers
#26 exporting layers 1.4s done
#26 exporting manifest sha256:5ab4dab8725d174301de926fd84c63cf8aad85eefea4e9c6bd231885e61993e0 0.0s done
#26 exporting config sha256:31a5563eb2742adf73d5f6a00ccfa9e03730d031d582f41acb354f6fcdf40e20 0.0s done
#26 exporting attestation manifest sha256:041ce5cbfb73d37abc16e5592b3b6a91b82f8b45ee84493b19aa1456b35527bf 0.0s done
#26 exporting manifest list sha256:51afac361769bd3df8b5773a7e644df200a6cb7fa0b8faf9f9c5f1cbf7b26452 0.0s done
#26 naming to docker.io/library/ehome-bb-img:rep2 done
#26 unpacking to docker.io/library/ehome-bb-img:rep2
#26 unpacking to docker.io/library/ehome-bb-img:rep2 0.3s done
#26 DONE 1.8s
