
── 运行开始 run_id=D-20260916-102800 ────────────────────────────────────────────────
仓库=/home/sun/workspace/EHomeSystem  探针目录=/home/sun/workspace/EHomeSystem/deploy/blackbox/probes
选项: only='02' skip_build=0
独立库=ehome_bbgt_20260916_102800 (前缀 ehome_bbgt_)
基线: :3080 -> 401 ; :8082/health -> {"status":"ok"}
基线: 共享容器 ID 快照 c32d374bf4a8cd028d6ef4fa14e5a199b89624870f12a00de3f48a6fa3a3522f 416975a22e2b8e62ca80283e9bd769005c28909578e7a2cee5289bcc4aff033c ae52de5afdb6762ed9a3709b1c7787cc1f4bbea18d43a965834a3eeac1ffff18 198d33271ad0e5fa3017f23d9a1d1a6d58c1e4e756761f7cf0b8f352a0945798
compose 候选 [layered] 通过: OK: services=ehome

── 并发冲突 — 拒绝在共享 project 上运行 ────────────────────────────────────────────────
已存在 1 个 project=bbguardtest 的运行容器(可能是另一个代理/另一次运行):
bbguardtest-dummy	Up Less than a second
契约要求本 run 独占 project=bbguardtest。请等对方结束; 确要并行须显式 BB_ALLOW_SHARED_PROJECT=1 并自担互踩风险。

── 编排结束: FAIL=1 SKIP=0 ────────────────────────────────────────────────

── 收尾 (main rc=0) ────────────────────────────────────────────────

── 清理 (project=bbguardtest) ────────────────────────────────────────────────
并发保护: 本 run 未创建资源, 跳过清理(不触碰他人栈)

── 零残留核对 ────────────────────────────────────────────────
零残留核对: N/A (本 run 未创建资源; 同 project 的容器属于他人)

── 共享资源未受影响核对 ────────────────────────────────────────────────
共享资源均正常: 4 容器 running, :3080=401, :8082/health=ok
汇总报告: /home/sun/workspace/EHomeSystem/deploy/blackbox/evidence/D-20260916-102800/SUMMARY.md

── 最终退出码: 1  (0=全绿 1=失败/残留/共享异常 2=有 SKIP 未完成) ────────────────────────────────────────────────
证据目录: /home/sun/workspace/EHomeSystem/deploy/blackbox/evidence/D-20260916-102800
