
── 运行开始 run_id=D-20260916-103037 ────────────────────────────────────────────────
仓库=/home/sun/workspace/EHomeSystem  探针目录=/home/sun/workspace/EHomeSystem/deploy/blackbox/probes
选项: only='<全部>' skip_build=0
独立库=ehome_bb_20260916_103037 (前缀 ehome_bb_)
基线: :3080 -> 401 ; :8082/health -> {"status":"ok"}
基线: 共享容器 ID 快照 c32d374bf4a8cd028d6ef4fa14e5a199b89624870f12a00de3f48a6fa3a3522f 416975a22e2b8e62ca80283e9bd769005c28909578e7a2cee5289bcc4aff033c ae52de5afdb6762ed9a3709b1c7787cc1f4bbea18d43a965834a3eeac1ffff18 198d33271ad0e5fa3017f23d9a1d1a6d58c1e4e756761f7cf0b8f352a0945798
compose 候选 [layered] 通过: OK: services=ehome

── 并发冲突(排他锁) — 拒绝在共享 project 上运行 ────────────────────────────────────────────────
project=ehome-bb 的排他锁已被其他 run/探针持有(锁文件 )。
不等待、不自旋、不清理: 直接退出, 交给你(主控)串行调度。

── 编排结束: FAIL=1 SKIP=0 ────────────────────────────────────────────────

── 收尾 (main rc=0) ────────────────────────────────────────────────

── 清理 (project=ehome-bb) ────────────────────────────────────────────────
并发保护: 本 run 未创建资源, 跳过清理(不触碰他人栈)
已释放 project=ehome-bb 的排他锁

── 零残留核对 ────────────────────────────────────────────────
零残留核对: N/A (本 run 未创建资源; 同 project 的容器属于他人)

── 共享资源未受影响核对 ────────────────────────────────────────────────
共享资源均正常: 4 容器 running, :3080=401, :8082/health=ok
汇总报告: /home/sun/workspace/EHomeSystem/deploy/blackbox/evidence/D-20260916-103037/SUMMARY.md

── 最终退出码: 3  (0=全绿 1=失败/残留/共享异常 2=有 SKIP 未完成 3=并发冲突未跑成) ────────────────────────────────────────────────
证据目录: /home/sun/workspace/EHomeSystem/deploy/blackbox/evidence/D-20260916-103037
