
── 运行开始 run_id=D-20260916-105359 ────────────────────────────────────────────────
仓库=/home/sun/workspace/EHomeSystem  探针目录=/home/sun/workspace/EHomeSystem/deploy/blackbox/probes
选项: only='<全部>' skip_build=0
独立库=ehome_bb_20260916_105359 (前缀 ehome_bb_)
基线: :3080 -> 401 ; :8082/health -> {"status":"ok"}
基线: 共享容器 ID 快照 c32d374bf4a8cd028d6ef4fa14e5a199b89624870f12a00de3f48a6fa3a3522f 416975a22e2b8e62ca80283e9bd769005c28909578e7a2cee5289bcc4aff033c ae52de5afdb6762ed9a3709b1c7787cc1f4bbea18d43a965834a3eeac1ffff18 198d33271ad0e5fa3017f23d9a1d1a6d58c1e4e756761f7cf0b8f352a0945798
compose 候选 [layered] 通过: OK: services=ehome
已取得 project=ehome-bb 的排他锁 (/home/sun/workspace/EHomeSystem/.logs/blackbox/ehome-bb.lock)

── 01 / image-contract (Q1) ────────────────────────────────────────────────
执行: /home/sun/workspace/EHomeSystem/deploy/blackbox/probes/01-image-contract.sh
证据: /home/sun/workspace/EHomeSystem/deploy/blackbox/evidence/D-20260916-105359/01-image-contract
--- 01 stdout (tail 40) ---
[01/image-contract] PASS

── 07 / reproducible (Q7) ────────────────────────────────────────────────
执行: /home/sun/workspace/EHomeSystem/deploy/blackbox/probes/07-reproducible.sh
证据: /home/sun/workspace/EHomeSystem/deploy/blackbox/evidence/D-20260916-105359/07-reproducible
--- 07 stdout (tail 40) ---
[07/reproducible] PASS

── 02 / env-contract (Q2) ────────────────────────────────────────────────
执行: /home/sun/workspace/EHomeSystem/deploy/blackbox/probes/02-env-contract.sh
证据: /home/sun/workspace/EHomeSystem/deploy/blackbox/evidence/D-20260916-105359/02-env-contract
--- 02 stdout (tail 40) ---
[02/env-contract] PASS
[03/coldstart] 冷启动: 已 down -v 保证干净起点
[03/coldstart] 生命周期由探针自管(self-managed): run.sh 不预起栈、不预建库

── 03 / coldstart (Q3) ────────────────────────────────────────────────
执行: /home/sun/workspace/EHomeSystem/deploy/blackbox/probes/03-coldstart.sh
证据: /home/sun/workspace/EHomeSystem/deploy/blackbox/evidence/D-20260916-105359/03-coldstart
--- 03 stdout (tail 40) ---
[03/coldstart] 提示: 独立库 ehome_bb_20260916_105359 不存在 — 重新创建, 保证后续探针连到本 run 的独立库
CREATE DATABASE ehome_bb_20260916_105359 -> CREATE DATABASE
[03/coldstart] PASS
[06/wiring] 生命周期由探针自管(self-managed): run.sh 不预起栈、不预建库

── 06 / wiring (Q6) ────────────────────────────────────────────────
执行: /home/sun/workspace/EHomeSystem/deploy/blackbox/probes/06-wiring.sh
证据: /home/sun/workspace/EHomeSystem/deploy/blackbox/evidence/D-20260916-105359/06-wiring
--- 06 stdout (tail 40) ---
[06/wiring] 提示: 独立库 ehome_bb_20260916_105359 不存在 — 重新创建, 保证后续探针连到本 run 的独立库
CREATE DATABASE ehome_bb_20260916_105359 -> CREATE DATABASE
[06/wiring] PASS
启动栈 (warm): docker compose -f /home/sun/workspace/EHomeSystem/docker-compose.yml -f /home/sun/workspace/EHomeSystem/deploy/blackbox/compose.bb.yml -p ehome-bb up -d --wait
栈已就绪(exit=0)
应用 :18080 可达 (HTTP 200)
所有权检查: 容器 ehome-bb-ehome 连的库 = ehome_bb_20260916_105359 (属于本 run)

── 04 / health (Q4) ────────────────────────────────────────────────
执行: /home/sun/workspace/EHomeSystem/deploy/blackbox/probes/04-health.sh
证据: /home/sun/workspace/EHomeSystem/deploy/blackbox/evidence/D-20260916-105359/04-health
--- 04 stdout (tail 40) ---
应用 :18080 可达 (HTTP 200)
[04/health] PASS

── 05 / first-boot (Q5) ────────────────────────────────────────────────
执行: /home/sun/workspace/EHomeSystem/deploy/blackbox/probes/05-first-boot.sh
证据: /home/sun/workspace/EHomeSystem/deploy/blackbox/evidence/D-20260916-105359/05-first-boot
--- 05 stdout (tail 40) ---
应用 :18080 可达 (HTTP 200)
[05/first-boot] PASS

── SUP-1 / cache-warmup (附加检查, 非 Q1-Q7) ────────────────────────────────────────────────
[S1] PASS: 冷启动日志含 [Latest value cache warmed up: 0 rows] (N=0)

── 编排结束: FAIL=0 SKIP=0 ────────────────────────────────────────────────

── 收尾 (main rc=0) ────────────────────────────────────────────────

── 清理 (project=ehome-bb) ────────────────────────────────────────────────
  DROP DATABASE ehome_bb_20260916_105359 -> DROP DATABASE
独立库清理: 列出 1 个, 实际处理 1 个
清理完成 -> /home/sun/workspace/EHomeSystem/deploy/blackbox/evidence/D-20260916-105359/99-cleanup/cleanup.log
已释放 project=ehome-bb 的排他锁

── 零残留核对 ────────────────────────────────────────────────
残留计数: 容器=0 卷=0 网络=0 独立库=0
零残留: 无 ehome-bb 容器/卷/网络/独立库

── 共享资源未受影响核对 ────────────────────────────────────────────────
共享资源均正常: 4 容器 running, :3080=401, :8082/health=ok
汇总报告: /home/sun/workspace/EHomeSystem/deploy/blackbox/evidence/D-20260916-105359/SUMMARY.md

── 最终退出码: 0  (0=全绿 1=失败/残留/共享异常 2=有 SKIP 未完成 3=并发冲突未跑成) ────────────────────────────────────────────────
证据目录: /home/sun/workspace/EHomeSystem/deploy/blackbox/evidence/D-20260916-105359
