$ docker build --progress=plain --build-arg GOPROXY=https://goproxy.cn,direct -t ehome-bb-ehome:local /home/sun/workspace/EHomeSystem
#0 building with "default" instance using docker driver

#1 [internal] load build definition from Dockerfile
#1 transferring dockerfile: 2.05kB done
#1 DONE 0.0s

#2 [internal] load metadata for docker.io/library/alpine:3.21
#2 DONE 0.1s

#3 [internal] load metadata for docker.io/library/node:22-alpine
#3 DONE 0.1s

#4 [internal] load metadata for docker.io/library/golang:1.26.5-alpine
#4 DONE 0.1s

#5 [internal] load .dockerignore
#5 transferring context: 2B done
#5 DONE 0.0s

#6 [frontend-builder 1/7] FROM docker.io/library/node:22-alpine@sha256:16e22a550f3863206a3f701448c45f7912c6896a62de43add43bb9c86130c3e2
#6 resolve docker.io/library/node:22-alpine@sha256:16e22a550f3863206a3f701448c45f7912c6896a62de43add43bb9c86130c3e2 0.1s done
#6 DONE 0.1s

#7 [backend-builder 1/6] FROM docker.io/library/golang:1.26.5-alpine@sha256:0178a641fbb4858c5f1b48e34bdaabe0350a330a1b1149aabd498d0699ff5fb2
#7 resolve docker.io/library/golang:1.26.5-alpine@sha256:0178a641fbb4858c5f1b48e34bdaabe0350a330a1b1149aabd498d0699ff5fb2 0.1s done
#7 DONE 0.1s

#8 [stage-2 1/6] FROM docker.io/library/alpine:3.21@sha256:48b0309ca019d89d40f670aa1bc06e426dc0931948452e8491e3d65087abc07d
#8 resolve docker.io/library/alpine:3.21@sha256:48b0309ca019d89d40f670aa1bc06e426dc0931948452e8491e3d65087abc07d 0.1s done
#8 DONE 0.1s

#9 [internal] load build context
#9 transferring context: 3.68MB 0.5s done
#9 DONE 0.5s

#10 [backend-builder 4/6] RUN go mod download
#10 CACHED

#11 [backend-builder 5/6] COPY backend/ .
#11 CACHED

#12 [frontend-builder 2/7] RUN corepack enable && corepack prepare pnpm@latest --activate
#12 CACHED

#13 [stage-2 2/6] RUN apk --no-cache add ca-certificates tzdata && rm -rf /var/cache/apk/*
#13 CACHED

#14 [frontend-builder 6/7] COPY frontend-shared/ .
#14 CACHED

#15 [stage-2 4/6] COPY --from=backend-builder /app/ehome-server .
#15 CACHED

#16 [backend-builder 3/6] COPY backend/go.mod backend/go.sum ./
#16 CACHED

#17 [frontend-builder 5/7] RUN pnpm install --frozen-lockfile --ignore-scripts
#17 CACHED

#18 [backend-builder 2/6] WORKDIR /app
#18 CACHED

#19 [frontend-builder 4/7] COPY frontend-shared/package.json frontend-shared/pnpm-lock.yaml ./
#19 CACHED

#20 [frontend-builder 3/7] WORKDIR /app
#20 CACHED

#21 [stage-2 5/6] COPY --from=frontend-builder /app/dist ./static/dist
#21 CACHED

#22 [backend-builder 6/6] RUN CGO_ENABLED=0 GOOS=linux go build -o ehome-server ./cmd/server/
#22 CACHED

#23 [stage-2 3/6] WORKDIR /app
#23 CACHED

#24 [frontend-builder 7/7] RUN pnpm build
#24 CACHED

#25 [stage-2 6/6] RUN mkdir -p /app/firmwares
#25 CACHED

#26 exporting to image
#26 exporting layers done
#26 exporting manifest sha256:524d69c42a18a443e60f4bdb58bdbd3599f779dd6f70b6ed66f441c439e1ade4 done
#26 exporting config sha256:bacd1605fe052f1fe81feb97e3e9579f74dce4f4ebaf87b9af039ab423cbee6c done
#26 exporting attestation manifest sha256:67b2318164b2e0f9ef65071c901abdc313734691e1815a969103b307473df217 0.0s done
#26 exporting manifest list sha256:cb0f2a45f4abf35e8de6bcb0e2e457ad43ca01b9a2e6a9f9205416cb6d39e640 0.0s done
#26 naming to docker.io/library/ehome-bb-ehome:local done
#26 unpacking to docker.io/library/ehome-bb-ehome:local
#26 unpacking to docker.io/library/ehome-bb-ehome:local 0.3s done
#26 DONE 0.4s
[build exit=0]
