================ Q6: web→PG / web→EMQX 服务名连通 ================
BB_PROJECT   : ehome-bb
BB_CONTAINER : ehome-bb-ehome
BB_HOME_PORT : 18080
BB_DB_NAME   : ehome_bb_20260916-102522
镜像         : ehome-bb-ehome:local
网络方案     : external network 'ehomesystem_default'（复用现有 ehome-postgres/ehome-emqx）
变异         : MQTT_BROKER=tcp://nonexistent-broker-xyz:1883
复现命令     : cd /home/sun/workspace/EHomeSystem && BB_PROJECT=ehome-bb BB_HOME_PORT=18080 BB_DB=ehome_bb_20260916-102522 EHOME_DB_HOST=postgres \
                 MQTT_BROKER=tcp://nonexistent-broker-xyz:1883 docker compose -f docker-compose.yml \
                 -f deploy/blackbox/compose.bb.yml -p ehome-bb up -d

--- 网络方案事实（docker inspect，只读）---
    /ehome-postgres networks=ehomesystem_default(aliases=[ehome-postgres postgres])
  [PASS] ehome-postgres 挂在 ehomesystem_default 上（external network 复用前提成立）
    /ehome-emqx networks=ehomesystem_default(aliases=[ehome-emqx emqx])
  [PASS] ehome-emqx 挂在 ehomesystem_default 上（external network 复用前提成立）
  [PASS] 前提守卫: 镜像 ehome-bb-ehome:local 存在
  [PASS] 前提守卫: 复用容器 ehome-postgres healthy (PG)
  [PASS] 前提守卫: 复用容器 ehome-emqx healthy (EMQX)
  [PASS] 分母守卫: emqx ctl clients list 非空（connected=true x2）
  [PASS] 已创建独立库 ehome_bb_20260916-102522（不触碰 ehome/ehome_test/ehome_uiux）
compose up -d rc=0
    |  Container ehome-bb-ehome Creating 
    |  Container ehome-bb-ehome Created 
    |  Container ehome-bb-ehome Starting 
    |  Container ehome-bb-ehome Started 
本 run 容器: ehome-bb-ehome cid=61501d52f064  库=ehome_bb_20260916-102522
轮询结束: state=running
    应用启动日志中的库: ehome_bb_20260916-102522  (本 run 期望: ehome_bb_20260916-102522)
  [PASS] 分母守卫: web 日志 62 行（>=30）
  [PASS] 分母守卫: 本探针检查 2 条连线（postgres:5432 + emqx:1883）

--- 断言2: web 容器内按服务名解析 postgres / emqx ---
    getent hosts postgres => [172.18.0.3        postgres  postgres]
  [PASS] 服务名 postgres 在 web 容器内可解析
    getent hosts emqx => [172.18.0.2        emqx  emqx]
  [PASS] 服务名 emqx 在 web 容器内可解析
    应用实际配置: Config: MQTT=tcp://nonexistent-broker-xyz:1883

--- 断言3: web→postgres:5432 连通（经服务名，日志 + 独立库 schema）---
    日志计数: 'Database connected successfully' x1, 'and migrated' x1, '/ehome_bb_20260916-102522' x1
  [PASS] 日志未见 127.0.0.1 连库（确为容器网络服务名路径）
  [PASS] web→postgres 连通: 连库成功且完成迁移，目标为独立库 ehome_bb_20260916-102522
    | 2026-09-16T02:25:23.680Z	INFO	logger/logger.go:85	Config: MQTT=tcp://nonexistent-broker-xyz:1883, DB=postgres:5432/ehome_bb_20260916-102522, API=:8080
    psql(只读): SELECT count(*) FROM information_schema.tables WHERE table_schema='public' => [53]
  [PASS] PG 侧分母守卫: 独立库 public 表数 53（>=30）—— 非空壳

--- 断言4: web→emqx:1883 连通（emqx ctl + web 容器 IP 匹配 + before/after 差集）---
    web 容器 IP (ehomesystem_default): [172.18.0.5]
    emqx connected=true 计数: before=2 after=2
  [FAIL] EMQX 上无 peername=172.18.0.5 的客户端 —— web 未与 emqx 建立 MQTT 连接
    当前 emqx clients:
    | Client(ehome-server-v2-18d1ed4943d241f3-1, username=undefined, peername=172.18.0.1:47854, clean_start=true, keepalive=30, session_expiry_interval=0, subscriptions=1, inflight=0, awaiting_rel=0, delivered_msgs=1, enqueued_msgs=0, dropped_msgs=0, connected=true, created_at=1789521507379, connected_at=1789521507379)
    | Client(ehome-server-18d5abdebebf9826-1, username=undefined, peername=172.18.0.4:51024, clean_start=true, keepalive=30, session_expiry_interval=0, subscriptions=1, inflight=0, awaiting_rel=0, delivered_msgs=0, enqueued_msgs=0, dropped_msgs=0, connected=true, created_at=1789525405377, connected_at=1789525405377)
    应用 MQTT 相关日志:
    | 2:2026-09-16T02:25:23.680Z	INFO	logger/logger.go:85	Config: MQTT=tcp://nonexistent-broker-xyz:1883, DB=postgres:5432/ehome_bb_20260916-102522, API=:8080
    | 3:2026-09-16T02:25:23.692Z	INFO	logger/logger.go:85	Database connected successfully
    | 4:2026-09-16T02:25:24.273Z	INFO	logger/logger.go:85	Database connected and migrated

================ 汇总: PASS=14 FAIL=1 ================
连线判定: PG(web→postgres:5432)=绿  EMQX(web→emqx:1883)=红
证据目录: /home/sun/workspace/EHomeSystem/deploy/blackbox/evidence/B-20260916-102522-q6-reverse

--- 失败诊断: 最近 100 行 web 日志 ---
    > 2026-09-16T02:25:23.680Z	INFO	logger/logger.go:85	EHomeSystem Server v2.0 starting...
    > 2026-09-16T02:25:23.680Z	INFO	logger/logger.go:85	Config: MQTT=tcp://nonexistent-broker-xyz:1883, DB=postgres:5432/ehome_bb_20260916-102522, API=:8080
    > 2026-09-16T02:25:23.692Z	INFO	logger/logger.go:85	Database connected successfully
    > 2026-09-16T02:25:24.273Z	INFO	logger/logger.go:85	Database connected and migrated
    > 2026/09/16 02:25:24 INFO migrate_partitioned: no legacy flat table, creating fresh partitioned parent table=unified_data
    > 2026/09/16 02:25:24 INFO partition_mgr: created partition partition=unified_data_202608 parent=unified_data
    > 2026/09/16 02:25:24 INFO partition_mgr: created partition partition=unified_data_202609 parent=unified_data
    > 2026/09/16 02:25:24 INFO partition_mgr: created partition partition=unified_data_202610 parent=unified_data
    > 2026/09/16 02:25:24 INFO partition_mgr: created partition partition=unified_data_202611 parent=unified_data
    > 2026/09/16 02:25:24 INFO partition_mgr: created partition partition=unified_data_202612 parent=unified_data
    > 2026/09/16 02:25:24 INFO migrate_partitioned: no legacy flat table, creating fresh partitioned parent table=device_data
    > 2026/09/16 02:25:24 INFO partition_mgr: created partition partition=device_data_202608 parent=device_data
    > 2026/09/16 02:25:24 INFO partition_mgr: created partition partition=device_data_202609 parent=device_data
    > 2026/09/16 02:25:24 INFO partition_mgr: created partition partition=device_data_202610 parent=device_data
    > 2026/09/16 02:25:24 INFO partition_mgr: created partition partition=device_data_202611 parent=device_data
    > 2026/09/16 02:25:24 INFO partition_mgr: created partition partition=device_data_202612 parent=device_data
    > 2026-09-16T02:25:24.375Z	INFO	logger/logger.go:85	Logical device backfill: all instances already attached
    > 2026-09-16T02:25:24.381Z	INFO	logger/logger.go:85	Initialization credential (valid for 10 minutes): <REDACTED:credential>
    > 2026-09-16T02:25:24.382Z	INFO	logger/logger.go:85	Driver registered: bmp280 (BMP280 温度气压传感器)
    > 2026-09-16T02:25:24.382Z	INFO	logger/logger.go:85	Driver registered: lk_th01 (LK-TH01 温湿度传感器)
    > 2026-09-16T02:25:24.382Z	INFO	logger/logger.go:85	Driver registered: sn3000 (SN-3000 风向传感器)
    > 2026-09-16T02:25:24.382Z	INFO	logger/logger.go:85	Driver registered: prs3001 (PRS-3001 光学雨量光照变送器)
    > 2026-09-16T02:25:24.382Z	INFO	logger/logger.go:85	Driver registered: sn3001_rain (SN-3001 光学雨量计)
    > 2026-09-16T02:25:24.382Z	INFO	logger/logger.go:85	Driver registered: jiabaida_bms (嘉佰达 BMS 电池管理系统)
    > 2026-09-16T02:25:24.382Z	INFO	logger/logger.go:85	Driver registered: techfine_inverter (泰琪丰 GB3024 逆变器)
    > 2026-09-16T02:25:24.382Z	INFO	logger/logger.go:85	Driver registered: generic_modbus (通用 Modbus RTU 设备)
    > 2026-09-16T02:25:24.382Z	INFO	logger/logger.go:85	Driver registered: generic_i2c (通用 I2C 设备)
    > 2026-09-16T02:25:24.382Z	INFO	logger/logger.go:85	Registered 9 device drivers with 0 parser overrides
    > 2026/09/16 02:25:24 INFO datalifecycle: index ensured index=idx_unified_logical_ts table=unified_data concurrently=false
    > 2026/09/16 02:25:24 INFO datalifecycle: index ensured index=idx_devdata_logical_ts table=device_data concurrently=false
    > 2026/09/16 02:25:24 INFO datalifecycle: backfill table done table=unified_data rows_updated=0 batches=0 resumed_from=0
    > 2026/09/16 02:25:24 INFO datalifecycle: backfill table done table=device_data rows_updated=0 batches=0 resumed_from=0
    > 2026/09/16 02:25:24 INFO logstream: consumer registered name=database
    > 2026/09/16 02:25:24 INFO logstream: consumer registered name=websocket
    > 2026/09/16 02:25:24 INFO databus: consumer registered name=terminal
    > 2026/09/16 02:25:24 INFO databus: consumer registered name=ws_push
    > 2026/09/16 02:25:24 INFO databus: consumer registered name=data_metrics
    > 2026/09/16 02:25:24 INFO databus: consumer registered name=pending_write
    > 2026/09/16 02:25:24 INFO databus: consumer registered name=sensor_parser_shard0
    > 2026/09/16 02:25:24 INFO databus: consumer registered name=db_persist_shard0
    > 2026/09/16 02:25:24 INFO databus: consumer registered name=sensor_parser_shard1
    > 2026/09/16 02:25:24 INFO databus: consumer registered name=db_persist_shard1
    > 2026/09/16 02:25:24 INFO databus: consumer registered name=sensor_parser_shard2
    > 2026/09/16 02:25:24 INFO databus: consumer registered name=db_persist_shard2
    > 2026/09/16 02:25:24 INFO databus: consumer registered name=sensor_parser_shard3
    > 2026/09/16 02:25:24 INFO databus: consumer registered name=db_persist_shard3
    > 2026/09/16 02:25:24 INFO databus: consumer registered name=sensor_parser_shard4
    > 2026/09/16 02:25:24 INFO databus: consumer registered name=db_persist_shard4
    > 2026/09/16 02:25:24 INFO databus: consumer registered name=sensor_parser_shard5
    > 2026/09/16 02:25:24 INFO databus: consumer registered name=db_persist_shard5
    > 2026/09/16 02:25:24 INFO databus: consumer registered name=sensor_parser_shard6
    > 2026/09/16 02:25:24 INFO databus: consumer registered name=db_persist_shard6
    > 2026/09/16 02:25:24 INFO databus: consumer registered name=sensor_parser_shard7
    > 2026/09/16 02:25:24 INFO databus: consumer registered name=db_persist_shard7
    > 2026-09-16T02:25:24.438Z	INFO	logger/logger.go:85	Latest value cache warmed up: 0 rows
    > 2026-09-16T02:25:24.439Z	INFO	logger/logger.go:85	[automation] 系统主体用户尚未创建 (subject_key=system_admin), 首次自动 device_action 触发时将惰性解析: record not found
    > 2026-09-16T02:25:24.441Z	INFO	logger/logger.go:85	Started 8 data report workers
    > 2026-09-16T02:25:24.441Z	INFO	logger/logger.go:85	Collector manager started
    > 2026-09-16T02:25:24.441Z	INFO	logger/logger.go:85	ChannelCmdV2 dispatcher enabled owner=server:61501d52f064:1:0df4bb60-6676-43cb-b3a9-44fd4a2f7b7c
    > 2026-09-16T02:25:24.443Z	INFO	logger/logger.go:85	[OfflineDetector] Loaded 0 active edge devices into cache
    > 2026-09-16T02:25:24.443Z	INFO	logger/logger.go:85	Offline detector started (3-layer)
    > 2026-09-16T02:25:24.443Z	INFO	logger/logger.go:85	API server listening on :8080

MUTATION_AS_EXPECTED: broker 指到错误地址 ⇒ web→EMQX 断言变红，而 web→PG 仍绿
  ⇒ 断言4 确实在测 MQTT 连通（与 PG 断言隔离）；反向对照成立

--- 清理 (trap) ---
 Container ehome-bb-ehome Stopping 
 Container ehome-bb-ehome Stopped 
 Container ehome-bb-ehome Removing 
 Container ehome-bb-ehome Removed 
已 DROP 独立库 ehome_bb_20260916-102522
清理后 ehome-bb 残留: 0 容器
