$ docker build --progress=plain --no-cache --build-arg GOPROXY=https://goproxy.cn,direct -t ehome-bb-img:rep-mut /home/sun/workspace/EHomeSystem
#0 building with "default" instance using docker driver

#1 [internal] load build definition from Dockerfile
#1 transferring dockerfile: 2.06kB done
#1 DONE 0.0s

#2 [internal] load metadata for docker.io/library/alpine:3.21
#2 DONE 0.1s

#3 [internal] load metadata for docker.io/library/golang:1.26.5-alpine
#3 DONE 0.1s

#4 [internal] load .dockerignore
#4 transferring context: 2B done
#4 DONE 0.0s

#5 [stage-2 1/5] FROM docker.io/library/alpine:3.21@sha256:48b0309ca019d89d40f670aa1bc06e426dc0931948452e8491e3d65087abc07d
#5 resolve docker.io/library/alpine:3.21@sha256:48b0309ca019d89d40f670aa1bc06e426dc0931948452e8491e3d65087abc07d 0.1s done
#5 CACHED

#6 [backend-builder 1/6] FROM docker.io/library/golang:1.26.5-alpine@sha256:0178a641fbb4858c5f1b48e34bdaabe0350a330a1b1149aabd498d0699ff5fb2
#6 resolve docker.io/library/golang:1.26.5-alpine@sha256:0178a641fbb4858c5f1b48e34bdaabe0350a330a1b1149aabd498d0699ff5fb2 0.1s done
#6 DONE 0.1s

#7 [backend-builder 2/6] WORKDIR /app
#7 CACHED

#8 [internal] load build context
#8 transferring context: 29.97kB 0.5s done
#8 DONE 0.5s

#9 [backend-builder 3/6] COPY backend/go.mod backend/go.sum ./
#9 DONE 0.1s

#10 [backend-builder 4/6] RUN go mod download
#10 ...

#11 [stage-2 2/5] RUN apk --no-cache add ca-certificates tzdata && rm -rf /var/cache/apk/*
#11 0.164 fetch https://dl-cdn.alpinelinux.org/alpine/v3.21/main/x86_64/APKINDEX.tar.gz
#11 0.816 fetch https://dl-cdn.alpinelinux.org/alpine/v3.21/community/x86_64/APKINDEX.tar.gz
#11 1.364 (1/2) Installing ca-certificates (20260413-r0)
#11 1.570 (2/2) Installing tzdata (2026d-r0)
#11 1.842 Executing busybox-1.37.0-r14.trigger
#11 1.847 Executing ca-certificates-20260413-r0.trigger
#11 1.877 OK: 8 MiB in 17 packages
#11 DONE 2.0s

#12 [stage-2 3/5] WORKDIR /app
#12 DONE 0.1s

#10 [backend-builder 4/6] RUN go mod download
#10 DONE 3.0s

#13 [backend-builder 5/6] COPY backend/ .
#13 DONE 0.3s

#14 [backend-builder 6/6] RUN CGO_ENABLED=0 GOOS=linux go build -o ehome-server ./cmd/server/
#14 DONE 16.7s

#15 [stage-2 4/5] COPY --from=backend-builder /app/ehome-server .
#15 DONE 0.1s

#16 [stage-2 5/5] RUN mkdir -p /app/firmwares
#16 DONE 0.2s

#17 exporting to image
#17 exporting layers
#17 exporting layers 1.4s done
#17 exporting manifest sha256:ad76161d03c0137da0fff9b43474a3a85a6f727d4baae4b8d0830fd58eefab8a 0.0s done
#17 exporting config sha256:f127165c64951ab1c74ac5cb7e36a807987a898c06979d0317f1453e43cefb62 0.0s done
#17 exporting attestation manifest sha256:9b6ef71c8112d3eba27b3fdb711a29dc5b959703f922594d6d1d4feff8295837 0.0s done
#17 exporting manifest list sha256:26be40f31b33a9ae78eebf55ec5ad8b839e1a3794bbcd8c944458f151afc4374 0.0s done
#17 naming to docker.io/library/ehome-bb-img:rep-mut
#17 naming to docker.io/library/ehome-bb-img:rep-mut done
#17 unpacking to docker.io/library/ehome-bb-img:rep-mut
#17 unpacking to docker.io/library/ehome-bb-img:rep-mut 0.3s done
#17 DONE 1.8s
