
== 0. 环境与上下文 ============================================
  仓库根         : /home/sun/workspace/EHomeSystem
  commit         : 4698d230 (4698d230e599afb2b70b59035cb202a3214047b9)
  镜像 tag       : ehome-bb-img:mut01
  证据目录       : /home/sun/workspace/EHomeSystem/deploy/blackbox/evidence/A-mut01-01
  docker         : Docker version 29.8.0, build 88096ef
  buildx         : github.com/docker/buildx v0.37.0 ac30b249211430b85fb8f37b6e7154b5c47ba0b6
  GOPROXY        : https://goproxy.cn,direct
  Dockerfile md5 : 2171b7a91fabf570c186a34a65b19f7a
  工作树脏文件   :
     D deploy/blackbox/compose.bb.dev.yml
     M deploy/blackbox/evidence/latest
     M deploy/blackbox/evidence/latest-SUMMARY.md
     M deploy/blackbox/run.sh
    ?? deploy/blackbox/evidence/A-20260916T023000Z-a5rep/
    ?? deploy/blackbox/evidence/A-20260916T023500Z-a5mut/
    ?? deploy/blackbox/evidence/A-mut01-01/
    ?? deploy/blackbox/evidence/B-20260916-101858-q6-dev/
    ?? deploy/blackbox/evidence/D-20260916-101453/
    ?? deploy/blackbox/evidence/D-20260916-101738/
    ?? deploy/blackbox/evidence/D-20260916-101908/
    ?? deploy/blackbox/probes/06-wiring.sh
    ?? deploy/blackbox/probes/07-reproducible.sh
  注：探针不加 --no-cache，构建时间受本地 build cache 影响；只有 07 才考「两次一致」。
  注：本探针只测静态产物契约，不启动服务、不连 DB、不碰共享容器/端口。

== 变异注入 BB_MUTATION=drop-frontend-copy ============================================
  变异落地校验：Dockerfile 中匹配 '# MUTATED(01): COPY ...' 的行数 = 1 （期望 1）
  变更后 grep -n 'static/dist' Dockerfile：
    44:# MUTATED(01): COPY --from=frontend-builder /app/dist ./static/dist
  变异前 Dockerfile md5 = 2171b7a91fabf570c186a34a65b19f7a
  变异后 Dockerfile md5 = f982fc9f185e05d5d1490ba10308d13d
  证据：01-dockerfile.before.txt / 01-dockerfile.mutated.txt

== 1. 构建镜像 (A1) ============================================
  复现命令: docker build --progress=plain --build-arg GOPROXY=https://goproxy.cn,direct -t ehome-bb-img:mut01 /home/sun/workspace/EHomeSystem
  [PASS] A1 镜像构建成功（exit 0）-- 日志 01-build.log

== 2. 镜像元数据 (A1b) ============================================
  image id : sha256:64afeb1798ad736baa6b31b5806b018cc64383791fc1325c253ba3336a96d779
  created  : 2026-09-16T10:19:03.849036256+08:00
  size     : 87139168 bytes (83 MiB；参考实测 90.4MB)
  Config.Env:
    PATH=/usr/local/sbin:/usr/local/bin:/usr/sbin:/usr/bin:/sbin:/bin
  [PASS] A1b 镜像体积 83 MiB 落在合理区间 [40,300] MiB

== 3. 容器内取证 ============================================
$ docker run --rm -e BB_CANARY=<红acted> -e BB_ABSENT=<红acted> --entrypoint sh ehome-bb-img:mut01 -c <probe>
  docker run 退出码: 0 （stdout 32 行）
  /app 文件数        : 1
  ehome-server       : exists=1 exec=1 magic=7f454c46 size=48061152
  index.html         : exists=0 size=0
  static/dist/assets : 0 个文件
  /app/firmwares     : dir=1
  二进制含 warmed-up 格式串 : 1
  二进制含随机不存在串(负控) : 0

== 4. 镜像内产物断言 ============================================
  [PASS] A2 /app/ehome-server 存在、可执行、且为 ELF（magic=7f454c46, 48061152 bytes）
  [FAIL] A3 /app/static/dist/index.html 缺失或为空：exists=0 size=0
    实际 /app 文件清单（诊断）：
      /app/ehome-server
  [PASS] A5 /app/firmwares 目录存在

== 5. 静态资源完整性 (A4 / G1) ============================================
  index.html 中 (src|href)= 引用总数 : 0
  解析为镜像内路径待查              : 0
  跳过（外部链接/data:/#片段等）     : 0
  跳过（含引号/空白的异常路径）      : 0
  待查路径清单（01-resolved-refs.txt）：
  [PASS] G1a 引用路径解析安全：0 条含引号/空白（解析结果可信）
  [FAIL] G1b 分母守卫失败：只解析到 0 条静态资源引用（期望 >= 2）-- 解析器可能坏了
    index.html 原文（诊断）：
      
  [FAIL] G1c 分母守卫失败：镜像 /app 内文件数只有 1（期望 >= 5）
  逐条核对结果（01-refs-check.txt）：
  [PASS] A4 index.html 引用的 0 个静态资源在镜像内逐个存在（FOUND=0 MISSING=0）
  [FAIL] G1d 分母守卫失败：解析到的引用里没有 /assets/*.js

== 6. 密钥泄漏与二进制格式串检查 (A6 / A7 / G2 / G3) ============================================
  镜像内 .env / .env.* 命中 0 个（find / -xdev 全盘）：
  [PASS] A6a 镜像内无 .env / .env.* 文件
  镜像内密钥类文件命中 0 个（/app /root /home /srv /opt /var /tmp /usr/local）：
  对照：/etc/ssl 下 CA 证书 *.pem = 146 个（基础镜像 ca-certificates，属预期非泄漏）
  [PASS] A6b 镜像内无 *.pem / *.key / id_rsa* / .npmrc / .pgpass 等密钥文件
  镜像内 JWT/DB 口令明文 grep 命中 0 个文件：
  [PASS] A6c 无密钥类内容（PEM 头）且 Config.Env 无 SECRET/PASSWORD/TOKEN 键（Env 共 1 项，检查非空转）
  [PASS] A7 镜像内 ehome-server 含 'Latest value cache warmed up' 格式串（启动回填已接线进产物）
  扫描器正控（G2）：容器内植入 canary 文件 /app/.bb-canary-probe，用同一 grep -rlF 扫描，命中 1 行
  [PASS] G2 扫描器正控通过：植入的 canary 被抓到（命中 1 行）-- 「扫不到密钥」可信
  扫描器负控（G3）：同一 grep -acF 对随机串 'bb-absent-control-39ee333c4031b69863b1037c579b0c1b' 在二进制里命中 0 次
  [PASS] G3 扫描器负控通过：随机不存在串 0 命中 -- 「命中」这个信号可信

== 7. 变异恢复校验 ============================================
  [TRAP 恢复] Dockerfile 已从备份 /tmp/bb-Dockerfile.CdvlHH 还原
  [TRAP 恢复] md5 一致 (2171b7a91fabf570c186a34a65b19f7a) -- 字节级还原确认
  [PASS] M1 Dockerfile 已字节级还原（md5 2171b7a91fabf570c186a34a65b19f7a 与变异前一致；变异态 md5=f982fc9f185e05d5d1490ba10308d13d）
  恢复后 grep -n 'static/dist' Dockerfile：
      44:COPY --from=frontend-builder /app/dist ./static/dist

== 汇总 ============================================
  镜像      : ehome-bb-img:mut01
  image id  : sha256:64afeb1798ad736baa6b31b5806b018cc64383791fc1325c253ba3336a96d779
  断言      : PASS=13  FAIL=4
  证据目录  : /home/sun/workspace/EHomeSystem/deploy/blackbox/evidence/A-mut01-01
  结论      : 有 4 条断言失败（详见上方诊断与 01-image-contract.log）
