
── 运行开始 run_id=D-20260916-101738 ────────────────────────────────────────────────
仓库=/home/sun/workspace/EHomeSystem  探针目录=/home/sun/workspace/EHomeSystem/deploy/blackbox/probes
选项: only='03' skip_build=0
独立库=ehome_bb_20260916_101738 (前缀 ehome_bb_)
基线: :3080 -> 401 ; :8082/health -> {"status":"ok"}
基线: 共享容器 ID 快照 c32d374bf4a8cd028d6ef4fa14e5a199b89624870f12a00de3f48a6fa3a3522f 416975a22e2b8e62ca80283e9bd769005c28909578e7a2cee5289bcc4aff033c ae52de5afdb6762ed9a3709b1c7787cc1f4bbea18d43a965834a3eeac1ffff18 198d33271ad0e5fa3017f23d9a1d1a6d58c1e4e756761f7cf0b8f352a0945798
compose 候选 [layered] 通过: OK: services=ehome
[03/coldstart] 冷启动: 已 down -v 保证干净起点
[03/coldstart] 生命周期由探针自管(self-managed): run.sh 不预起栈、不预建库

── 03 / coldstart (Q3) ────────────────────────────────────────────────
执行: /home/sun/workspace/EHomeSystem/deploy/blackbox/probes/03-coldstart.sh
证据: /home/sun/workspace/EHomeSystem/deploy/blackbox/evidence/D-20260916-101738/03-coldstart
--- 03 stdout (tail 40) ---
[03/coldstart] 提示: 独立库 ehome_bb_20260916_101738 不存在 — 重新创建, 保证后续探针连到本 run 的独立库
CREATE DATABASE ehome_bb_20260916_101738 -> CREATE DATABASE
[03/coldstart] PASS

── SUP-1 / cache-warmup (附加检查, 非 Q1-Q7) ────────────────────────────────────────────────
[S1] SKIP: 栈未起来

── 编排结束: FAIL=0 SKIP=1 ────────────────────────────────────────────────

── 收尾 (main rc=0) ────────────────────────────────────────────────

── 清理 (project=ehome-bb) ────────────────────────────────────────────────
  DROP DATABASE ehome_bb_20260916_101738 -> DROP DATABASE
  DROP 跳过(名字不匹配护栏): ehome_bbdev_c
  DROP 跳过(名字不匹配护栏): ehome_bbdev_wiring_mut
独立库清理: 列出 3 个, 实际处理 1 个
!! 独立库清理不完整: 列出 3 个但只处理 1 个 —— 见下方 check_residue 判定
清理完成 -> /home/sun/workspace/EHomeSystem/deploy/blackbox/evidence/D-20260916-101738/99-cleanup/cleanup.log

── 零残留核对 ────────────────────────────────────────────────
残留计数: 容器=1 卷=0 网络=0 独立库=2
!! 发现残留, 详见 /home/sun/workspace/EHomeSystem/deploy/blackbox/evidence/D-20260916-101738/98-zero-residue/residue.txt

── 共享资源未受影响核对 ────────────────────────────────────────────────
共享资源均正常: 4 容器 running, :3080=401, :8082/health=ok
汇总报告: /home/sun/workspace/EHomeSystem/deploy/blackbox/evidence/D-20260916-101738/SUMMARY.md

── 最终退出码: 1  (0=全绿 1=失败/残留/共享异常 2=有 SKIP 未完成) ────────────────────────────────────────────────
证据目录: /home/sun/workspace/EHomeSystem/deploy/blackbox/evidence/D-20260916-101738
